// Jest Snapshot v1, https://goo.gl/fbAQLP

exports[`temperature diagram with 11-day data 1`] = `
<div>
  <div
    data-testid="temperature-diagram"
  >
    <h3>
      Temperature
    </h3>
    <div
      class="chart-holder bx--chart-holder"
      style="height: 300px;"
    >
      <div
        class="bx--cc--chart-wrapper bx--cc--layout-column"
        style="height: 100%; width: 100%;"
      >
        <g
          class="DONT_STYLE_ME_css_styles_verifier"
        />
        <div
          class="layout-child header bx--cc--layout bx--cc--layout-row bx--cc--layout-alignitems-center"
          style="width: 100%;"
        >
          <div
            class="layout-child title bx--cc--title"
            style="height: 100%;"
          >
            <div
              class="bx--cc--title"
              height="100%"
              width="100%"
            >
              <p
                aria-level="2"
                class="title"
                role="heading"
              />
            </div>
          </div>
          <div
            class="layout-child toolbar bx--cc--toolbar"
            style="height: 100%;"
          >
            <div
              class="bx--cc--toolbar"
              height="100%"
              role="toolbar"
              width="100%"
            >
              <div
                class="bx--overflow-menu-options bx--overflow-menu--flip"
                role="menu"
                tabindex="-1"
              >
                <ul />
              </div>
              <div
                aria-disabled="false"
                aria-label="Show as table"
                class="toolbar-control bx--overflow-menu"
                role="button"
              >
                
			
                <button
                  aria-expanded="false"
                  aria-haspopup="true"
                  aria-label="Show as table"
                  class="bx--overflow-menu__trigger"
                >
                  
				
                  <svg
                    aria-hidden="true"
                    class="bx--overflow-menu__icon"
                    focusable="false"
                    preserveAspectRatio="xMidYMid meet"
                    style="will-change: transform; width: 20px; height: 20px"
                    viewBox="0 0 32 32"
                    xmlns="http://www.w3.org/2000/svg"
                  >
                    
					
                    <rect
                      height="2"
                      width="18"
                      x="4"
                      y="6"
                    />
                    <rect
                      height="2"
                      width="18"
                      x="4"
                      y="12"
                    />
                    <rect
                      height="2"
                      width="18"
                      x="4"
                      y="18"
                    />
                    <rect
                      height="2"
                      width="18"
                      x="4"
                      y="24"
                    />
                    <rect
                      height="2"
                      width="2"
                      x="26"
                      y="6"
                    />
                    <rect
                      height="2"
                      width="2"
                      x="26"
                      y="12"
                    />
                    <rect
                      height="2"
                      width="2"
                      x="26"
                      y="18"
                    />
                    <rect
                      height="2"
                      width="2"
                      x="26"
                      y="24"
                    />
                    
				
                  </svg>
                  
			
                </button>
              </div>
              <div
                aria-disabled="false"
                aria-label="More options"
                class="toolbar-control bx--overflow-menu"
                role="button"
              >
                
			
                <button
                  aria-expanded="false"
                  aria-haspopup="true"
                  aria-label="More options"
                  class="bx--overflow-menu__trigger"
                >
                  
				
                  <svg
                    aria-hidden="true"
                    class="bx--overflow-menu__icon"
                    focusable="false"
                    preserveAspectRatio="xMidYMid meet"
                    style="will-change: transform; width: 20px; height: 20px"
                    viewBox="0 0 32 32"
                    xmlns="http://www.w3.org/2000/svg"
                  >
                    
					
                    <circle
                      cx="16"
                      cy="8"
                      r="2"
                    />
                    
							 
                    <circle
                      cx="16"
                      cy="16"
                      r="2"
                    />
                    
							 
                    <circle
                      cx="16"
                      cy="24"
                      r="2"
                    />
                    
				
                  </svg>
                  
			
                </button>
              </div>
            </div>
          </div>
        </div>
        <div
          class="layout-child spacer bx--cc--spacer"
          style="width: 100%;"
        >
          <div
            class="bx--cc--spacer"
            height="100%"
            opacity="0"
            style="width: 15px; height: 15px;"
            width="100%"
          />
        </div>
        <div
          class="layout-child full-frame bx--cc--layout bx--cc--layout-column"
          style="width: 100%;"
        >
          <div
            class="layout-child graph-frame"
            style="height: 0px; width: 100%;"
          >
            <svg
              class="layout-svg-wrapper bx--cc--2D-axes bx--cc--grid bx--cc--ruler bx--cc--line bx--cc--scatter bx--cc--skeleton-lines bx--cc--zero-line bx--cc--threshold bx--cc--highlight bx--cc--axes"
              height="100%"
              width="100%"
            >
              <svg
                class="chart-grid-backdrop"
                height="0"
                width="5"
                x="5"
                y="0"
              >
                <rect
                  class="chart-grid-backdrop stroked"
                  height="100%"
                  width="100%"
                />
                <g
                  class="x grid"
                  fill="none"
                  font-family="sans-serif"
                  font-size="10"
                  text-anchor="middle"
                  transform="translate(-5, 0)"
                >
                  <g
                    class="tick"
                    opacity="0.000001"
                    transform="translate(5.418543845534996,0)"
                  >
                    <line
                      stroke="currentColor"
                      y2="0"
                    />
                  </g>
                  <g
                    class="tick"
                    opacity="0.000001"
                    transform="translate(5.177192276749799,0)"
                  >
                    <line
                      stroke="currentColor"
                      y2="0"
                    />
                  </g>
                  <g
                    class="tick"
                    opacity="0.000001"
                    transform="translate(4.935840707964601,0)"
                  >
                    <line
                      stroke="currentColor"
                      y2="0"
                    />
                  </g>
                  <g
                    class="tick"
                    opacity="0.000001"
                    transform="translate(4.694489139179405,0)"
                  >
                    <line
                      stroke="currentColor"
                      y2="0"
                    />
                  </g>
                  <g
                    class="tick"
                    opacity="0.000001"
                    transform="translate(4.453137570394207,0)"
                  >
                    <line
                      stroke="currentColor"
                      y2="0"
                    />
                  </g>
                  <g
                    class="tick"
                    opacity="0.000001"
                    transform="translate(4.21178600160901,0)"
                  >
                    <line
                      stroke="currentColor"
                      y2="0"
                    />
                  </g>
                  <g
                    class="tick"
                    opacity="0.000001"
                    transform="translate(3.9704344328238133,0)"
                  >
                    <line
                      stroke="currentColor"
                      y2="0"
                    />
                  </g>
                  <g
                    class="tick"
                    opacity="0.000001"
                    transform="translate(3.7290828640386158,0)"
                  >
                    <line
                      stroke="currentColor"
                      y2="0"
                    />
                  </g>
                  <g
                    class="tick"
                    opacity="0.000001"
                    transform="translate(3.487731295253419,0)"
                  >
                    <line
                      stroke="currentColor"
                      y2="0"
                    />
                  </g>
                  <g
                    class="tick"
                    opacity="0.000001"
                    transform="translate(3.246379726468222,0)"
                  >
                    <line
                      stroke="currentColor"
                      y2="0"
                    />
                  </g>
                  <g
                    class="tick"
                    opacity="0.000001"
                    transform="translate(3.0050281576830247,0)"
                  >
                    <line
                      stroke="currentColor"
                      y2="0"
                    />
                  </g>
                  <g
                    class="tick"
                    opacity="0.000001"
                    transform="translate(2.7636765888978276,0)"
                  >
                    <line
                      stroke="currentColor"
                      y2="0"
                    />
                  </g>
                  <g
                    class="tick"
                    opacity="0.000001"
                    transform="translate(2.522325020112631,0)"
                  >
                    <line
                      stroke="currentColor"
                      y2="0"
                    />
                  </g>
                  <g
                    class="tick"
                    opacity="0.000001"
                    transform="translate(2.280973451327434,0)"
                  >
                    <line
                      stroke="currentColor"
                      y2="0"
                    />
                  </g>
                  <g
                    class="tick"
                    opacity="0.000001"
                    transform="translate(2.0396218825422365,0)"
                  >
                    <line
                      stroke="currentColor"
                      y2="0"
                    />
                  </g>
                  <g
                    class="tick"
                    opacity="0.000001"
                    transform="translate(1.7982703137570395,0)"
                  >
                    <line
                      stroke="currentColor"
                      y2="0"
                    />
                  </g>
                  <g
                    class="tick"
                    opacity="0.000001"
                    transform="translate(1.5569187449718425,0)"
                  >
                    <line
                      stroke="currentColor"
                      y2="0"
                    />
                  </g>
                  <g
                    class="tick"
                    opacity="0.000001"
                    transform="translate(1.315567176186645,0)"
                  >
                    <line
                      stroke="currentColor"
                      y2="0"
                    />
                  </g>
                  <g
                    class="tick"
                    opacity="0.000001"
                    transform="translate(1.0742156074014482,0)"
                  >
                    <line
                      stroke="currentColor"
                      y2="0"
                    />
                  </g>
                  <g
                    class="tick"
                    opacity="0.000001"
                    transform="translate(0.8328640386162512,0)"
                  >
                    <line
                      stroke="currentColor"
                      y2="0"
                    />
                  </g>
                  <g
                    class="tick"
                    opacity="0.000001"
                    transform="translate(0.5915124698310538,0)"
                  >
                    <line
                      stroke="currentColor"
                      y2="0"
                    />
                  </g>
                </g>
                <g
                  class="y grid"
                  fill="none"
                  font-family="sans-serif"
                  font-size="10"
                  text-anchor="end"
                  transform="translate(0, 0)"
                >
                  <g
                    class="tick"
                    opacity="0.000001"
                    transform="translate(0,0.5)"
                  >
                    <line
                      stroke="currentColor"
                      x2="5"
                    />
                  </g>
                  <g
                    class="tick"
                    opacity="0.000001"
                    transform="translate(0,0.5)"
                  >
                    <line
                      stroke="currentColor"
                      x2="5"
                    />
                  </g>
                  <g
                    class="tick"
                    opacity="0.000001"
                    transform="translate(0,0.5)"
                  >
                    <line
                      stroke="currentColor"
                      x2="5"
                    />
                  </g>
                </g>
              </svg>
              <svg
                class="bx--cc--axes"
                height="100%"
                width="100%"
              >
                <g
                  aria-label="left axis"
                  class="axis left"
                  opacity="1"
                >
                  <g
                    aria-label="left ticks"
                    class="ticks"
                    fill="none"
                    font-family="sans-serif"
                    font-size="10"
                    role="graphics-object group"
                    text-anchor="end"
                    transform="translate(5, 0)"
                  >
                    <path
                      class="domain"
                      d="M0.5,0.5V0.5"
                      stroke="currentColor"
                    />
                  </g>
                  <g
                    aria-hidden="true"
                    aria-label="invisible left ticks"
                    class="ticks invisible"
                    fill="none"
                    font-family="sans-serif"
                    font-size="10"
                    style="opacity: 0; pointer-events: none;"
                    text-anchor="end"
                  >
                    <path
                      class="domain"
                      d="M0.5,0.5V0.5"
                      stroke="currentColor"
                    />
                  </g>
                  <text
                    class="axis-title"
                    dy="0.75em"
                    style="text-anchor: middle;"
                    transform="rotate(-90)"
                    x="0"
                    y="0"
                  >
                    Temperature in °C
                  </text>
                </g>
                <g
                  aria-label="bottom axis"
                  class="axis bottom"
                  opacity="1"
                >
                  <g
                    aria-label="bottom ticks"
                    class="ticks"
                    fill="none"
                    font-family="sans-serif"
                    font-size="10"
                    role="graphics-object group"
                    text-anchor="middle"
                    transform="translate(0, 0)"
                  >
                    <path
                      class="domain"
                      stroke="currentColor"
                    />
                    <g
                      class="tick"
                      opacity="0.000001"
                      transform="translate(0.5,0)"
                    >
                      <line
                        stroke="currentColor"
                        y2="6"
                      />
                      <text
                        dy="0.71em"
                        fill="currentColor"
                        style="font-weight: bold; text-anchor: end;"
                        transform="rotate(-45)"
                        y="9"
                      />
                    </g>
                    <g
                      class="tick"
                      opacity="0.000001"
                      transform="translate(0.5,0)"
                    >
                      <line
                        stroke="currentColor"
                        y2="6"
                      />
                      <text
                        dy="0.71em"
                        fill="currentColor"
                        style="text-anchor: end; font-weight: normal;"
                        transform="rotate(-45)"
                        y="9"
                      />
                    </g>
                    <g
                      class="tick"
                      opacity="0.000001"
                      transform="translate(0.5,0)"
                    >
                      <line
                        stroke="currentColor"
                        y2="6"
                      />
                      <text
                        dy="0.71em"
                        fill="currentColor"
                        style="text-anchor: end; font-weight: normal;"
                        transform="rotate(-45)"
                        y="9"
                      />
                    </g>
                    <g
                      class="tick"
                      opacity="0.000001"
                      transform="translate(0.5,0)"
                    >
                      <line
                        stroke="currentColor"
                        y2="6"
                      />
                      <text
                        dy="0.71em"
                        fill="currentColor"
                        style="text-anchor: end; font-weight: normal;"
                        transform="rotate(-45)"
                        y="9"
                      />
                    </g>
                    <g
                      class="tick"
                      opacity="0.000001"
                      transform="translate(0.5,0)"
                    >
                      <line
                        stroke="currentColor"
                        y2="6"
                      />
                      <text
                        dy="0.71em"
                        fill="currentColor"
                        style="text-anchor: end; font-weight: normal;"
                        transform="rotate(-45)"
                        y="9"
                      />
                    </g>
                    <g
                      class="tick"
                      opacity="0.000001"
                      transform="translate(0.5,0)"
                    >
                      <line
                        stroke="currentColor"
                        y2="6"
                      />
                      <text
                        dy="0.71em"
                        fill="currentColor"
                        style="text-anchor: end; font-weight: normal;"
                        transform="rotate(-45)"
                        y="9"
                      />
                    </g>
                    <g
                      class="tick"
                      opacity="0.000001"
                      transform="translate(0.5,0)"
                    >
                      <line
                        stroke="currentColor"
                        y2="6"
                      />
                      <text
                        dy="0.71em"
                        fill="currentColor"
                        style="text-anchor: end;"
                        transform="rotate(-45)"
                        y="9"
                      />
                    </g>
                    <g
                      class="tick"
                      opacity="0.000001"
                      transform="translate(0.5,0)"
                    >
                      <line
                        stroke="currentColor"
                        y2="6"
                      />
                      <text
                        dy="0.71em"
                        fill="currentColor"
                        style="text-anchor: end;"
                        transform="rotate(-45)"
                        y="9"
                      />
                    </g>
                    <g
                      class="tick"
                      opacity="0.000001"
                      transform="translate(0.5,0)"
                    >
                      <line
                        stroke="currentColor"
                        y2="6"
                      />
                      <text
                        dy="0.71em"
                        fill="currentColor"
                        style="text-anchor: end;"
                        transform="rotate(-45)"
                        y="9"
                      />
                    </g>
                    <g
                      class="tick"
                      opacity="0.000001"
                      transform="translate(0.5,0)"
                    >
                      <line
                        stroke="currentColor"
                        y2="6"
                      />
                      <text
                        dy="0.71em"
                        fill="currentColor"
                        style="text-anchor: end;"
                        transform="rotate(-45)"
                        y="9"
                      />
                    </g>
                    <g
                      class="tick"
                      opacity="0.000001"
                      transform="translate(0.5,0)"
                    >
                      <line
                        stroke="currentColor"
                        y2="6"
                      />
                      <text
                        dy="0.71em"
                        fill="currentColor"
                        style="text-anchor: end;"
                        transform="rotate(-45)"
                        y="9"
                      />
                    </g>
                  </g>
                  <g
                    aria-hidden="true"
                    aria-label="invisible bottom ticks"
                    class="ticks invisible"
                    fill="none"
                    font-family="sans-serif"
                    font-size="10"
                    style="opacity: 0; pointer-events: none;"
                    text-anchor="middle"
                  >
                    <path
                      class="domain"
                      d="M5.5,0.5H0.5"
                      stroke="currentColor"
                    />
                    <text>
                      A
                    </text>
                    <g
                      aria-label="Fri Mar 05 2021 00:00:00 GMT+0100 (Central European Standard Time)"
                      class="tick"
                      opacity="1"
                      transform="translate(5.418543845534996,0)"
                    >
                      <line
                        stroke="currentColor"
                        y2="6"
                      />
                      <text
                        dy="0.71em"
                        fill="currentColor"
                        style="text-anchor: end;"
                        transform="rotate(-45)"
                        y="9"
                      >
                        Mar 5
                      </text>
                    </g>
                    <g
                      aria-label="Sun Mar 07 2021 00:00:00 GMT+0100 (Central European Standard Time)"
                      class="tick"
                      opacity="1"
                      transform="translate(4.453137570394207,0)"
                    >
                      <line
                        stroke="currentColor"
                        y2="6"
                      />
                      <text
                        dy="0.71em"
                        fill="currentColor"
                        style="text-anchor: end;"
                        transform="rotate(-45)"
                        y="9"
                      >
                        7
                      </text>
                    </g>
                    <g
                      aria-label="Tue Mar 09 2021 00:00:00 GMT+0100 (Central European Standard Time)"
                      class="tick"
                      opacity="1"
                      transform="translate(3.487731295253419,0)"
                    >
                      <line
                        stroke="currentColor"
                        y2="6"
                      />
                      <text
                        dy="0.71em"
                        fill="currentColor"
                        style="text-anchor: end;"
                        transform="rotate(-45)"
                        y="9"
                      >
                        9
                      </text>
                    </g>
                    <g
                      aria-label="Thu Mar 11 2021 00:00:00 GMT+0100 (Central European Standard Time)"
                      class="tick"
                      opacity="1"
                      transform="translate(2.522325020112631,0)"
                    >
                      <line
                        stroke="currentColor"
                        y2="6"
                      />
                      <text
                        dy="0.71em"
                        fill="currentColor"
                        style="text-anchor: end;"
                        transform="rotate(-45)"
                        y="9"
                      >
                        11
                      </text>
                    </g>
                    <g
                      aria-label="Sat Mar 13 2021 00:00:00 GMT+0100 (Central European Standard Time)"
                      class="tick"
                      opacity="1"
                      transform="translate(1.5569187449718425,0)"
                    >
                      <line
                        stroke="currentColor"
                        y2="6"
                      />
                      <text
                        dy="0.71em"
                        fill="currentColor"
                        style="text-anchor: end;"
                        transform="rotate(-45)"
                        y="9"
                      >
                        13
                      </text>
                    </g>
                    <g
                      aria-label="Mon Mar 15 2021 00:00:00 GMT+0100 (Central European Standard Time)"
                      class="tick"
                      opacity="1"
                      transform="translate(0.5915124698310538,0)"
                    >
                      <line
                        stroke="currentColor"
                        y2="6"
                      />
                      <text
                        dy="0.71em"
                        fill="currentColor"
                        style="text-anchor: end;"
                        transform="rotate(-45)"
                        y="9"
                      >
                        15
                      </text>
                    </g>
                    <text>
                      A
                    </text>
                  </g>
                  <text
                    class="axis-title"
                    style="text-anchor: middle;"
                    transform="translate(2.5, 4)"
                  >
                    Date
                  </text>
                </g>
              </svg>
              <svg
                class="bx--cc--line"
                height="100%"
                width="100%"
              >
                <path
                  aria-label="2.3,1,0.6,0.6,0.6,0.2,0.4,-0.2,-0.7,1.2,2.4,3,5.8,0.3,-2,-2.1,-2.6,-2.6,-2.6,-2.8,-3.2,-3.5,-1,0.7,3.3,4,4.1,2.4,0.9,1.2,1.5,1.5,1.5,1.4,0.9,0.9,1.1,1.3,2.2,1.8,2.7,1.1,0.8,0.6,0.3,0.3,0.3,-0.8,-0.7,-0.5,-0.2,1.2,3.5,5.4,5,0.5,-1.3,-1.1,-1.6,-1.5,-1.5,-1.9,-0.8,-0.7,-0.1,1.6,2.6,3.4,4.7,1.4,1.1,0.5,0.7,0.6,0.6,0.3,0,-0.7,0.5,3.8,5.5,6.1,5.7,3,2.3,1.7,1.7,1.7,1.7,1.8,1.7,1,1.3,2.1,3.7,5.4,6.3,8.7,7.8,6.8,7.7,7.7,7.7,4.8,4.2,3.3,3.7,6,6.3,7.3,7.6,7.1,5.6,5.5,5.4,5.4,5.4,4.4,3.9,4.3,4.1,4.5,3.8,4.7,4.3,5.7,6.8,7.8,8.5,9.2,9.5,10.3,9,7.2,6.3,6.1,5.9,5,4.7,5.1,5.1,5.1,4.9,4.4,4.7,4.2,3.8,3.5,3.3,4.2,4.2,3.6,3.4,3.5,2.8,4.5,5.1,5.6,5.2,4.7,4.8,4.5,4.4,3.6,3.1,2.5,2.1,2.1,2,2,2.3,2.4,2.5"
                  aria-roledescription="line"
                  class="line stroke-1-1-1"
                  opacity="0"
                  role="graphics-symbol"
                  style="stroke: #8B0000;"
                />
              </svg>
              <svg
                class="bx--cc--scatter"
                height="100%"
                width="100%"
              >
                <circle
                  class="dot stroke-1-1-1 threshold-anomaly unfilled"
                  opacity="0"
                />
                <circle
                  class="dot stroke-1-1-1 threshold-anomaly unfilled"
                  opacity="0"
                />
                <circle
                  class="dot stroke-1-1-1 threshold-anomaly unfilled"
                  opacity="0"
                />
                <circle
                  class="dot stroke-1-1-1 threshold-anomaly unfilled"
                  opacity="0"
                />
                <circle
                  class="dot stroke-1-1-1 threshold-anomaly unfilled"
                  opacity="0"
                />
                <circle
                  class="dot stroke-1-1-1 threshold-anomaly unfilled"
                  opacity="0"
                />
                <circle
                  class="dot stroke-1-1-1 threshold-anomaly unfilled"
                  opacity="0"
                />
                <circle
                  class="dot stroke-1-1-1 threshold-anomaly unfilled"
                  opacity="0"
                />
                <circle
                  class="dot stroke-1-1-1 threshold-anomaly unfilled"
                  opacity="0"
                />
                <circle
                  class="dot stroke-1-1-1 threshold-anomaly unfilled"
                  opacity="0"
                />
                <circle
                  class="dot stroke-1-1-1 threshold-anomaly unfilled"
                  opacity="0"
                />
                <circle
                  class="dot stroke-1-1-1 threshold-anomaly unfilled"
                  opacity="0"
                />
                <circle
                  class="dot stroke-1-1-1 threshold-anomaly unfilled"
                  opacity="0"
                />
                <circle
                  class="dot stroke-1-1-1 threshold-anomaly unfilled"
                  opacity="0"
                />
                <circle
                  class="dot stroke-1-1-1 threshold-anomaly unfilled"
                  opacity="0"
                />
                <circle
                  class="dot stroke-1-1-1 threshold-anomaly unfilled"
                  opacity="0"
                />
                <circle
                  class="dot stroke-1-1-1 threshold-anomaly unfilled"
                  opacity="0"
                />
                <circle
                  class="dot stroke-1-1-1 threshold-anomaly unfilled"
                  opacity="0"
                />
                <circle
                  class="dot stroke-1-1-1 threshold-anomaly unfilled"
                  opacity="0"
                />
                <circle
                  class="dot stroke-1-1-1 threshold-anomaly unfilled"
                  opacity="0"
                />
                <circle
                  class="dot stroke-1-1-1 threshold-anomaly unfilled"
                  opacity="0"
                />
                <circle
                  class="dot stroke-1-1-1 threshold-anomaly unfilled"
                  opacity="0"
                />
                <circle
                  class="dot stroke-1-1-1 threshold-anomaly unfilled"
                  opacity="0"
                />
                <circle
                  class="dot stroke-1-1-1 threshold-anomaly unfilled"
                  opacity="0"
                />
                <circle
                  class="dot stroke-1-1-1 threshold-anomaly unfilled"
                  opacity="0"
                />
                <circle
                  class="dot stroke-1-1-1 threshold-anomaly unfilled"
                  opacity="0"
                />
                <circle
                  class="dot stroke-1-1-1 threshold-anomaly unfilled"
                  opacity="0"
                />
                <circle
                  class="dot stroke-1-1-1 threshold-anomaly unfilled"
                  opacity="0"
                />
                <circle
                  class="dot stroke-1-1-1 threshold-anomaly unfilled"
                  opacity="0"
                />
                <circle
                  class="dot stroke-1-1-1 threshold-anomaly unfilled"
                  opacity="0"
                />
                <circle
                  class="dot stroke-1-1-1 threshold-anomaly unfilled"
                  opacity="0"
                />
                <circle
                  class="dot stroke-1-1-1 threshold-anomaly unfilled"
                  opacity="0"
                />
                <circle
                  class="dot stroke-1-1-1 threshold-anomaly unfilled"
                  opacity="0"
                />
                <circle
                  class="dot stroke-1-1-1 threshold-anomaly unfilled"
                  opacity="0"
                />
                <circle
                  class="dot stroke-1-1-1 threshold-anomaly unfilled"
                  opacity="0"
                />
                <circle
                  class="dot stroke-1-1-1 threshold-anomaly unfilled"
                  opacity="0"
                />
                <circle
                  class="dot stroke-1-1-1 threshold-anomaly unfilled"
                  opacity="0"
                />
                <circle
                  class="dot stroke-1-1-1 threshold-anomaly unfilled"
                  opacity="0"
                />
                <circle
                  class="dot stroke-1-1-1 threshold-anomaly unfilled"
                  opacity="0"
                />
                <circle
                  class="dot stroke-1-1-1 threshold-anomaly unfilled"
                  opacity="0"
                />
                <circle
                  class="dot stroke-1-1-1 threshold-anomaly unfilled"
                  opacity="0"
                />
                <circle
                  class="dot stroke-1-1-1 threshold-anomaly unfilled"
                  opacity="0"
                />
                <circle
                  class="dot stroke-1-1-1 threshold-anomaly unfilled"
                  opacity="0"
                />
                <circle
                  class="dot stroke-1-1-1 threshold-anomaly unfilled"
                  opacity="0"
                />
                <circle
                  class="dot stroke-1-1-1 threshold-anomaly unfilled"
                  opacity="0"
                />
                <circle
                  class="dot stroke-1-1-1 threshold-anomaly unfilled"
                  opacity="0"
                />
                <circle
                  class="dot stroke-1-1-1 threshold-anomaly unfilled"
                  opacity="0"
                />
                <circle
                  class="dot stroke-1-1-1 threshold-anomaly unfilled"
                  opacity="0"
                />
                <circle
                  class="dot stroke-1-1-1 threshold-anomaly unfilled"
                  opacity="0"
                />
                <circle
                  class="dot stroke-1-1-1 threshold-anomaly unfilled"
                  opacity="0"
                />
                <circle
                  class="dot stroke-1-1-1 threshold-anomaly unfilled"
                  opacity="0"
                />
                <circle
                  class="dot stroke-1-1-1 threshold-anomaly unfilled"
                  opacity="0"
                />
                <circle
                  class="dot stroke-1-1-1 threshold-anomaly unfilled"
                  opacity="0"
                />
                <circle
                  class="dot stroke-1-1-1 threshold-anomaly unfilled"
                  opacity="0"
                />
                <circle
                  class="dot stroke-1-1-1 threshold-anomaly unfilled"
                  opacity="0"
                />
                <circle
                  class="dot stroke-1-1-1 threshold-anomaly unfilled"
                  opacity="0"
                />
                <circle
                  class="dot stroke-1-1-1 threshold-anomaly unfilled"
                  opacity="0"
                />
                <circle
                  class="dot stroke-1-1-1 threshold-anomaly unfilled"
                  opacity="0"
                />
                <circle
                  class="dot stroke-1-1-1 threshold-anomaly unfilled"
                  opacity="0"
                />
                <circle
                  class="dot stroke-1-1-1 threshold-anomaly unfilled"
                  opacity="0"
                />
                <circle
                  class="dot stroke-1-1-1 threshold-anomaly unfilled"
                  opacity="0"
                />
                <circle
                  class="dot stroke-1-1-1 threshold-anomaly unfilled"
                  opacity="0"
                />
                <circle
                  class="dot stroke-1-1-1 threshold-anomaly unfilled"
                  opacity="0"
                />
                <circle
                  class="dot stroke-1-1-1 threshold-anomaly unfilled"
                  opacity="0"
                />
                <circle
                  class="dot stroke-1-1-1 threshold-anomaly unfilled"
                  opacity="0"
                />
                <circle
                  class="dot stroke-1-1-1 threshold-anomaly unfilled"
                  opacity="0"
                />
                <circle
                  class="dot stroke-1-1-1 threshold-anomaly unfilled"
                  opacity="0"
                />
                <circle
                  class="dot stroke-1-1-1 threshold-anomaly unfilled"
                  opacity="0"
                />
                <circle
                  class="dot stroke-1-1-1 threshold-anomaly unfilled"
                  opacity="0"
                />
                <circle
                  class="dot stroke-1-1-1 threshold-anomaly unfilled"
                  opacity="0"
                />
                <circle
                  class="dot stroke-1-1-1 threshold-anomaly unfilled"
                  opacity="0"
                />
                <circle
                  class="dot stroke-1-1-1 threshold-anomaly unfilled"
                  opacity="0"
                />
                <circle
                  class="dot stroke-1-1-1 threshold-anomaly unfilled"
                  opacity="0"
                />
                <circle
                  class="dot stroke-1-1-1 threshold-anomaly unfilled"
                  opacity="0"
                />
                <circle
                  class="dot stroke-1-1-1 threshold-anomaly unfilled"
                  opacity="0"
                />
                <circle
                  class="dot stroke-1-1-1 threshold-anomaly unfilled"
                  opacity="0"
                />
                <circle
                  class="dot stroke-1-1-1 threshold-anomaly unfilled"
                  opacity="0"
                />
                <circle
                  class="dot stroke-1-1-1 threshold-anomaly unfilled"
                  opacity="0"
                />
                <circle
                  class="dot stroke-1-1-1 threshold-anomaly unfilled"
                  opacity="0"
                />
                <circle
                  class="dot stroke-1-1-1 threshold-anomaly unfilled"
                  opacity="0"
                />
                <circle
                  class="dot stroke-1-1-1 threshold-anomaly unfilled"
                  opacity="0"
                />
                <circle
                  class="dot stroke-1-1-1 threshold-anomaly unfilled"
                  opacity="0"
                />
                <circle
                  class="dot stroke-1-1-1 threshold-anomaly unfilled"
                  opacity="0"
                />
                <circle
                  class="dot stroke-1-1-1 threshold-anomaly unfilled"
                  opacity="0"
                />
                <circle
                  class="dot stroke-1-1-1 threshold-anomaly unfilled"
                  opacity="0"
                />
                <circle
                  class="dot stroke-1-1-1 threshold-anomaly unfilled"
                  opacity="0"
                />
                <circle
                  class="dot stroke-1-1-1 threshold-anomaly unfilled"
                  opacity="0"
                />
                <circle
                  class="dot stroke-1-1-1 threshold-anomaly unfilled"
                  opacity="0"
                />
                <circle
                  class="dot stroke-1-1-1 threshold-anomaly unfilled"
                  opacity="0"
                />
                <circle
                  class="dot stroke-1-1-1 threshold-anomaly unfilled"
                  opacity="0"
                />
                <circle
                  class="dot stroke-1-1-1 threshold-anomaly unfilled"
                  opacity="0"
                />
                <circle
                  class="dot stroke-1-1-1 threshold-anomaly unfilled"
                  opacity="0"
                />
                <circle
                  class="dot stroke-1-1-1 threshold-anomaly unfilled"
                  opacity="0"
                />
                <circle
                  class="dot stroke-1-1-1 threshold-anomaly unfilled"
                  opacity="0"
                />
                <circle
                  class="dot stroke-1-1-1 threshold-anomaly unfilled"
                  opacity="0"
                />
                <circle
                  class="dot stroke-1-1-1 threshold-anomaly unfilled"
                  opacity="0"
                />
                <circle
                  class="dot stroke-1-1-1 threshold-anomaly unfilled"
                  opacity="0"
                />
                <circle
                  class="dot stroke-1-1-1 threshold-anomaly unfilled"
                  opacity="0"
                />
                <circle
                  class="dot stroke-1-1-1 threshold-anomaly unfilled"
                  opacity="0"
                />
                <circle
                  class="dot stroke-1-1-1 threshold-anomaly unfilled"
                  opacity="0"
                />
                <circle
                  class="dot stroke-1-1-1 threshold-anomaly unfilled"
                  opacity="0"
                />
                <circle
                  class="dot stroke-1-1-1 threshold-anomaly unfilled"
                  opacity="0"
                />
                <circle
                  class="dot stroke-1-1-1 threshold-anomaly unfilled"
                  opacity="0"
                />
                <circle
                  class="dot stroke-1-1-1 threshold-anomaly unfilled"
                  opacity="0"
                />
                <circle
                  class="dot stroke-1-1-1 threshold-anomaly unfilled"
                  opacity="0"
                />
                <circle
                  class="dot stroke-1-1-1 threshold-anomaly unfilled"
                  opacity="0"
                />
                <circle
                  class="dot stroke-1-1-1 threshold-anomaly unfilled"
                  opacity="0"
                />
                <circle
                  class="dot stroke-1-1-1 threshold-anomaly unfilled"
                  opacity="0"
                />
                <circle
                  class="dot stroke-1-1-1 threshold-anomaly unfilled"
                  opacity="0"
                />
                <circle
                  class="dot stroke-1-1-1 threshold-anomaly unfilled"
                  opacity="0"
                />
                <circle
                  class="dot stroke-1-1-1 threshold-anomaly unfilled"
                  opacity="0"
                />
                <circle
                  class="dot stroke-1-1-1 threshold-anomaly unfilled"
                  opacity="0"
                />
                <circle
                  class="dot stroke-1-1-1 threshold-anomaly unfilled"
                  opacity="0"
                />
                <circle
                  class="dot stroke-1-1-1 threshold-anomaly unfilled"
                  opacity="0"
                />
                <circle
                  class="dot stroke-1-1-1 threshold-anomaly unfilled"
                  opacity="0"
                />
                <circle
                  class="dot stroke-1-1-1 threshold-anomaly unfilled"
                  opacity="0"
                />
                <circle
                  class="dot stroke-1-1-1 threshold-anomaly unfilled"
                  opacity="0"
                />
                <circle
                  class="dot stroke-1-1-1 threshold-anomaly unfilled"
                  opacity="0"
                />
                <circle
                  class="dot stroke-1-1-1 threshold-anomaly unfilled"
                  opacity="0"
                />
                <circle
                  class="dot stroke-1-1-1 threshold-anomaly unfilled"
                  opacity="0"
                />
                <circle
                  class="dot stroke-1-1-1 threshold-anomaly unfilled"
                  opacity="0"
                />
                <circle
                  class="dot stroke-1-1-1 threshold-anomaly unfilled"
                  opacity="0"
                />
                <circle
                  class="dot stroke-1-1-1 threshold-anomaly unfilled"
                  opacity="0"
                />
                <circle
                  class="dot stroke-1-1-1 threshold-anomaly unfilled"
                  opacity="0"
                />
                <circle
                  class="dot stroke-1-1-1 threshold-anomaly unfilled"
                  opacity="0"
                />
                <circle
                  class="dot stroke-1-1-1 threshold-anomaly unfilled"
                  opacity="0"
                />
                <circle
                  class="dot stroke-1-1-1 threshold-anomaly unfilled"
                  opacity="0"
                />
                <circle
                  class="dot stroke-1-1-1 threshold-anomaly unfilled"
                  opacity="0"
                />
                <circle
                  class="dot stroke-1-1-1 threshold-anomaly unfilled"
                  opacity="0"
                />
                <circle
                  class="dot stroke-1-1-1 threshold-anomaly unfilled"
                  opacity="0"
                />
                <circle
                  class="dot stroke-1-1-1 threshold-anomaly unfilled"
                  opacity="0"
                />
                <circle
                  class="dot stroke-1-1-1 threshold-anomaly unfilled"
                  opacity="0"
                />
                <circle
                  class="dot stroke-1-1-1 threshold-anomaly unfilled"
                  opacity="0"
                />
                <circle
                  class="dot stroke-1-1-1 threshold-anomaly unfilled"
                  opacity="0"
                />
                <circle
                  class="dot stroke-1-1-1 threshold-anomaly unfilled"
                  opacity="0"
                />
                <circle
                  class="dot stroke-1-1-1 threshold-anomaly unfilled"
                  opacity="0"
                />
                <circle
                  class="dot stroke-1-1-1 threshold-anomaly unfilled"
                  opacity="0"
                />
                <circle
                  class="dot stroke-1-1-1 threshold-anomaly unfilled"
                  opacity="0"
                />
                <circle
                  class="dot stroke-1-1-1 threshold-anomaly unfilled"
                  opacity="0"
                />
                <circle
                  class="dot stroke-1-1-1 threshold-anomaly unfilled"
                  opacity="0"
                />
                <circle
                  class="dot stroke-1-1-1 threshold-anomaly unfilled"
                  opacity="0"
                />
                <circle
                  class="dot stroke-1-1-1 threshold-anomaly unfilled"
                  opacity="0"
                />
                <circle
                  class="dot stroke-1-1-1 threshold-anomaly unfilled"
                  opacity="0"
                />
                <circle
                  class="dot stroke-1-1-1 threshold-anomaly unfilled"
                  opacity="0"
                />
                <circle
                  class="dot stroke-1-1-1 threshold-anomaly unfilled"
                  opacity="0"
                />
                <circle
                  class="dot stroke-1-1-1 threshold-anomaly unfilled"
                  opacity="0"
                />
                <circle
                  class="dot stroke-1-1-1 threshold-anomaly unfilled"
                  opacity="0"
                />
                <circle
                  class="dot stroke-1-1-1 threshold-anomaly unfilled"
                  opacity="0"
                />
                <circle
                  class="dot stroke-1-1-1 threshold-anomaly unfilled"
                  opacity="0"
                />
                <circle
                  class="dot stroke-1-1-1 threshold-anomaly unfilled"
                  opacity="0"
                />
                <circle
                  class="dot stroke-1-1-1 threshold-anomaly unfilled"
                  opacity="0"
                />
                <circle
                  class="dot stroke-1-1-1 threshold-anomaly unfilled"
                  opacity="0"
                />
                <circle
                  class="dot stroke-1-1-1 threshold-anomaly unfilled"
                  opacity="0"
                />
                <circle
                  class="dot stroke-1-1-1 threshold-anomaly unfilled"
                  opacity="0"
                />
                <circle
                  class="dot stroke-1-1-1 threshold-anomaly unfilled"
                  opacity="0"
                />
                <circle
                  class="dot stroke-1-1-1 threshold-anomaly unfilled"
                  opacity="0"
                />
                <circle
                  class="dot stroke-1-1-1 threshold-anomaly unfilled"
                  opacity="0"
                />
                <circle
                  class="dot stroke-1-1-1 threshold-anomaly unfilled"
                  opacity="0"
                />
                <circle
                  class="dot stroke-1-1-1 threshold-anomaly unfilled"
                  opacity="0"
                />
                <circle
                  class="dot stroke-1-1-1 threshold-anomaly unfilled"
                  opacity="0"
                />
                <circle
                  class="dot stroke-1-1-1 threshold-anomaly unfilled"
                  opacity="0"
                />
                <circle
                  class="dot stroke-1-1-1 threshold-anomaly unfilled"
                  opacity="0"
                />
                <circle
                  class="dot stroke-1-1-1 threshold-anomaly unfilled"
                  opacity="0"
                />
                <circle
                  class="dot stroke-1-1-1 threshold-anomaly unfilled"
                  opacity="0"
                />
                <circle
                  class="dot stroke-1-1-1 threshold-anomaly unfilled"
                  opacity="0"
                />
                <circle
                  class="dot stroke-1-1-1 threshold-anomaly unfilled"
                  opacity="0"
                />
                <circle
                  class="dot stroke-1-1-1 threshold-anomaly unfilled"
                  opacity="0"
                />
                <circle
                  class="dot stroke-1-1-1 threshold-anomaly unfilled"
                  opacity="0"
                />
                <circle
                  class="dot stroke-1-1-1 threshold-anomaly unfilled"
                  opacity="0"
                />
                <circle
                  class="dot stroke-1-1-1 threshold-anomaly unfilled"
                  opacity="0"
                />
                <circle
                  class="dot stroke-1-1-1 threshold-anomaly unfilled"
                  opacity="0"
                />
                <circle
                  class="dot stroke-1-1-1 threshold-anomaly unfilled"
                  opacity="0"
                />
                <circle
                  class="dot stroke-1-1-1 threshold-anomaly unfilled"
                  opacity="0"
                />
              </svg>
              <svg
                class="bx--cc--zero-line"
                height="100%"
                width="100%"
              >
                <line
                  class="domain"
                />
              </svg>
              <svg
                class="bx--cc--threshold"
                height="100%"
                width="100%"
              >
                <g
                  class="axis-thresholds left"
                >
                  <g
                    class="threshold-group"
                  >
                    <line
                      class="threshold-line"
                    />
                    <rect
                      class="threshold-hoverable-area"
                      width="5"
                      x="5"
                      y="0"
                    />
                  </g>
                </g>
              </svg>
              <svg
                class="bx--cc--highlight"
                height="100%"
                width="100%"
              />
            </svg>
          </div>
        </div>
      </div>
      <div
        class="bx--cc--tooltip hidden"
        role="tooltip"
      />
      <div
        aria-describedby="modal-description"
        aria-labelledby="modal-title"
        aria-modal="true"
        class="bx--modal"
        data-modal="true"
        role="dialog"
        tabindex="-1"
      />
      <div
        class="bx--cc--threshold--label hidden"
      />
    </div>
  </div>
</div>
`;
