// Jest Snapshot v1, https://goo.gl/fbAQLP

exports[`should average scale correctly for daily temperature 1`] = `
Array [
  Object {
    "temperature": "1.0",
    "time": 1614884220,
    "timeParsed": "2021-03-04T18:57:00.000Z",
  },
  Object {
    "temperature": "0.0",
    "time": 1614905820,
    "timeParsed": "2021-03-05T00:57:00.000Z",
  },
  Object {
    "temperature": "0.8",
    "time": 1614992220,
    "timeParsed": "2021-03-06T00:57:00.000Z",
  },
  Object {
    "temperature": "1.1",
    "time": 1615078620,
    "timeParsed": "2021-03-07T00:57:00.000Z",
  },
  Object {
    "temperature": "0.5",
    "time": 1615165020,
    "timeParsed": "2021-03-08T00:57:00.000Z",
  },
  Object {
    "temperature": "1.0",
    "time": 1615251420,
    "timeParsed": "2021-03-09T00:57:00.000Z",
  },
  Object {
    "temperature": "2.4",
    "time": 1615337820,
    "timeParsed": "2021-03-10T00:57:00.000Z",
  },
  Object {
    "temperature": "5.0",
    "time": 1615424220,
    "timeParsed": "2021-03-11T00:57:00.000Z",
  },
  Object {
    "temperature": "5.5",
    "time": 1615510620,
    "timeParsed": "2021-03-12T00:57:00.000Z",
  },
  Object {
    "temperature": "6.0",
    "time": 1615595580,
    "timeParsed": "2021-03-13T00:33:00.000Z",
  },
  Object {
    "temperature": "3.8",
    "time": 1615681980,
    "timeParsed": "2021-03-14T00:33:00.000Z",
  },
  Object {
    "temperature": "2.3",
    "time": 1615768380,
    "timeParsed": "2021-03-15T00:33:00.000Z",
  },
]
`;
