// Jest Snapshot v1, https://goo.gl/fbAQLP

exports[`should average scale correctly for daily temperature 1`] = `
Array [
  Object {
    "temperature": "1.1",
    "time": 1614884220,
    "timeParsed": "2021-03-04T18:57:00.000Z",
  },
  Object {
    "temperature": "0.3",
    "time": 1614898800,
    "timeParsed": "2021-03-04T23:00:00.000Z",
  },
  Object {
    "temperature": "0.5",
    "time": 1614985200,
    "timeParsed": "2021-03-05T23:00:00.000Z",
  },
  Object {
    "temperature": "1.2",
    "time": 1615071600,
    "timeParsed": "2021-03-06T23:00:00.000Z",
  },
  Object {
    "temperature": "0.6",
    "time": 1615158000,
    "timeParsed": "2021-03-07T23:00:00.000Z",
  },
  Object {
    "temperature": "0.8",
    "time": 1615244400,
    "timeParsed": "2021-03-08T23:00:00.000Z",
  },
  Object {
    "temperature": "2.3",
    "time": 1615330800,
    "timeParsed": "2021-03-09T23:00:00.000Z",
  },
  Object {
    "temperature": "4.5",
    "time": 1615417200,
    "timeParsed": "2021-03-10T23:00:00.000Z",
  },
  Object {
    "temperature": "5.7",
    "time": 1615503600,
    "timeParsed": "2021-03-11T23:00:00.000Z",
  },
  Object {
    "temperature": "6.1",
    "time": 1615590000,
    "timeParsed": "2021-03-12T23:00:00.000Z",
  },
  Object {
    "temperature": "4.1",
    "time": 1615676400,
    "timeParsed": "2021-03-13T23:00:00.000Z",
  },
  Object {
    "temperature": "2.2",
    "time": 1615762800,
    "timeParsed": "2021-03-14T23:00:00.000Z",
  },
]
`;
